[2026-09-26T06:07:23.202Z] === probe：6 个账号各 1 次请求 ===
[2026-09-26T06:07:23.470Z]   3546682924992864 oi我是嘤嘤怪: status=200 code=-101 msg=账号未登录 本页=0
[2026-09-26T06:07:24.766Z]   110934547 早起来睡觉: status=200 code=0 msg=OK 本页=50
[2026-09-26T06:07:26.064Z]   3546824587610162 技巧也是真诚: status=200 code=0 msg=OK 本页=50
[2026-09-26T06:07:27.382Z]   1280871616 B瓜爱吃C瓜: status=200 code=0 msg=OK 本页=50
[2026-09-26T06:07:28.680Z]   3690974649781084 I-2-3: status=200 code=0 msg=OK 本页=50
[2026-09-26T06:07:29.988Z]   3546648242293494 话说小美-发财版: status=200 code=0 msg=OK 本页=50
[2026-09-26T06:07:45.965Z] === 开始：mode=multi(6账号轮询) rate=6req/s 时长=120s ===
[2026-09-26T06:07:46.183Z]   ?#1 账号 3546682924992864: status=200 code=-101 msg=账号未登录
[2026-09-26T06:07:47.096Z]   ?#7 账号 3546682924992864: status=200 code=-101 msg=账号未登录
[2026-09-26T06:07:48.083Z]   ?#13 账号 3546682924992864: status=200 code=-101 msg=账号未登录
[2026-09-26T06:07:49.079Z]   ?#19 账号 3546682924992864: status=200 code=-101 msg=账号未登录
[2026-09-26T06:07:49.270Z]   进度：已发 20 次（成功 16）· 用时 3s · 实测 6.06 req/s
[2026-09-26T06:07:50.089Z]   ?#25 账号 3546682924992864: status=200 code=-101 msg=账号未登录
[2026-09-26T06:07:51.077Z]   ?#31 账号 3546682924992864: status=200 code=-101 msg=账号未登录
[2026-09-26T06:07:52.089Z]   ?#37 账号 3546682924992864: status=200 code=-101 msg=账号未登录
[2026-09-26T06:07:52.607Z]   进度：已发 40 次（成功 33）· 用时 7s · 实测 6.02 req/s
[2026-09-26T06:07:53.084Z]   ?#43 账号 3546682924992864: status=200 code=-101 msg=账号未登录
[2026-09-26T06:07:54.094Z]   ?#49 账号 3546682924992864: status=200 code=-101 msg=账号未登录
[2026-09-26T06:07:55.120Z]   ?#55 账号 3546682924992864: status=200 code=-101 msg=账号未登录
[2026-09-26T06:07:55.935Z]   进度：已发 60 次（成功 50）· 用时 10s · 实测 6.02 req/s
[2026-09-26T06:07:56.087Z]   ?#61 账号 3546682924992864: status=200 code=-101 msg=账号未登录
[2026-09-26T06:07:57.080Z]   ?#67 账号 3546682924992864: status=200 code=-101 msg=账号未登录
[2026-09-26T06:07:58.085Z]   ?#73 账号 3546682924992864: status=200 code=-101 msg=账号未登录
[2026-09-26T06:07:59.086Z]   ?#79 账号 3546682924992864: status=200 code=-101 msg=账号未登录
[2026-09-26T06:07:59.276Z]   进度：已发 80 次（成功 66）· 用时 13s · 实测 6.01 req/s
[2026-09-26T06:08:00.080Z]   ?#85 账号 3546682924992864: status=200 code=-101 msg=账号未登录
[2026-09-26T06:08:01.091Z]   ?#91 账号 3546682924992864: status=200 code=-101 msg=账号未登录
[2026-09-26T06:08:02.076Z]   ?#97 账号 3546682924992864: status=200 code=-101 msg=账号未登录
[2026-09-26T06:08:02.615Z]   进度：已发 100 次（成功 83）· 用时 17s · 实测 6.01 req/s
[2026-09-26T06:08:03.087Z]   ?#103 账号 3546682924992864: status=200 code=-101 msg=账号未登录
[2026-09-26T06:08:04.086Z]   ?#109 账号 3546682924992864: status=200 code=-101 msg=账号未登录
[2026-09-26T06:08:05.080Z]   ?#115 账号 3546682924992864: status=200 code=-101 msg=账号未登录
[2026-09-26T06:08:05.937Z]   进度：已发 120 次（成功 100）· 用时 20s · 实测 6.01 req/s
[2026-09-26T06:08:06.092Z]   ?#121 账号 3546682924992864: status=200 code=-101 msg=账号未登录
[2026-09-26T06:08:07.082Z]   ?#127 账号 3546682924992864: status=200 code=-101 msg=账号未登录
[2026-09-26T06:08:08.083Z]   ?#133 账号 3546682924992864: status=200 code=-101 msg=账号未登录
[2026-09-26T06:08:09.085Z]   ?#139 账号 3546682924992864: status=200 code=-101 msg=账号未登录
[2026-09-26T06:08:09.267Z]   进度：已发 140 次（成功 116）· 用时 23s · 实测 6.01 req/s
[2026-09-26T06:08:10.088Z]   ?#145 账号 3546682924992864: status=200 code=-101 msg=账号未登录
[2026-09-26T06:08:11.083Z]   ?#151 账号 3546682924992864: status=200 code=-101 msg=账号未登录
[2026-09-26T06:08:12.092Z]   ?#157 账号 3546682924992864: status=200 code=-101 msg=账号未登录
[2026-09-26T06:08:12.605Z]   进度：已发 160 次（成功 133）· 用时 27s · 实测 6.01 req/s
[2026-09-26T06:08:13.089Z]   ?#163 账号 3546682924992864: status=200 code=-101 msg=账号未登录
[2026-09-26T06:08:14.078Z]   ?#169 账号 3546682924992864: status=200 code=-101 msg=账号未登录
[2026-09-26T06:08:15.082Z]   ?#175 账号 3546682924992864: status=200 code=-101 msg=账号未登录
[2026-09-26T06:08:15.939Z]   进度：已发 180 次（成功 150）· 用时 30s · 实测 6.01 req/s
[2026-09-26T06:08:16.091Z]   ?#181 账号 3546682924992864: status=200 code=-101 msg=账号未登录
[2026-09-26T06:08:17.090Z]   ?#187 账号 3546682924992864: status=200 code=-101 msg=账号未登录
[2026-09-26T06:08:18.083Z]   ?#193 账号 3546682924992864: status=200 code=-101 msg=账号未登录
[2026-09-26T06:08:19.084Z]   ?#199 账号 3546682924992864: status=200 code=-101 msg=账号未登录
[2026-09-26T06:08:19.265Z]   进度：已发 200 次（成功 166）· 用时 33s · 实测 6.01 req/s
[2026-09-26T06:08:20.093Z]   ?#205 账号 3546682924992864: status=200 code=-101 msg=账号未登录
[2026-09-26T06:08:21.079Z]   ?#211 账号 3546682924992864: status=200 code=-101 msg=账号未登录
[2026-09-26T06:08:22.091Z]   ?#217 账号 3546682924992864: status=200 code=-101 msg=账号未登录
[2026-09-26T06:08:22.601Z]   进度：已发 220 次（成功 183）· 用时 37s · 实测 6.01 req/s
[2026-09-26T06:08:23.088Z]   ?#223 账号 3546682924992864: status=200 code=-101 msg=账号未登录
[2026-09-26T06:08:24.078Z]   ?#229 账号 3546682924992864: status=200 code=-101 msg=账号未登录
[2026-09-26T06:08:25.091Z]   ?#235 账号 3546682924992864: status=200 code=-101 msg=账号未登录
[2026-09-26T06:08:25.936Z]   进度：已发 240 次（成功 200）· 用时 40s · 实测 6.00 req/s
[2026-09-26T06:08:26.095Z]   ?#241 账号 3546682924992864: status=200 code=-101 msg=账号未登录
[2026-09-26T06:08:27.082Z]   ?#247 账号 3546682924992864: status=200 code=-101 msg=账号未登录
[2026-09-26T06:08:28.102Z]   ?#253 账号 3546682924992864: status=200 code=-101 msg=账号未登录
[2026-09-26T06:08:29.087Z]   ?#259 账号 3546682924992864: status=200 code=-101 msg=账号未登录
[2026-09-26T06:08:29.257Z]   进度：已发 260 次（成功 216）· 用时 43s · 实测 6.01 req/s
[2026-09-26T06:08:30.083Z]   ?#265 账号 3546682924992864: status=200 code=-101 msg=账号未登录
[2026-09-26T06:08:31.096Z]   ?#271 账号 3546682924992864: status=200 code=-101 msg=账号未登录
[2026-09-26T06:08:32.081Z]   ?#277 账号 3546682924992864: status=200 code=-101 msg=账号未登录
[2026-09-26T06:08:32.596Z]   进度：已发 280 次（成功 233）· 用时 47s · 实测 6.00 req/s
[2026-09-26T06:08:33.079Z]   ?#283 账号 3546682924992864: status=200 code=-101 msg=账号未登录
[2026-09-26T06:08:34.093Z]   ?#289 账号 3546682924992864: status=200 code=-101 msg=账号未登录
[2026-09-26T06:08:35.089Z]   ?#295 账号 3546682924992864: status=200 code=-101 msg=账号未登录
[2026-09-26T06:08:35.932Z]   进度：已发 300 次（成功 250）· 用时 50s · 实测 6.00 req/s
[2026-09-26T06:08:36.084Z]   ?#301 账号 3546682924992864: status=200 code=-101 msg=账号未登录
[2026-09-26T06:08:37.090Z]   ?#307 账号 3546682924992864: status=200 code=-101 msg=账号未登录
[2026-09-26T06:08:38.091Z]   ?#313 账号 3546682924992864: status=200 code=-101 msg=账号未登录
[2026-09-26T06:08:39.080Z]   ?#319 账号 3546682924992864: status=200 code=-101 msg=账号未登录
[2026-09-26T06:08:39.267Z]   进度：已发 320 次（成功 266）· 用时 53s · 实测 6.00 req/s
[2026-09-26T06:08:40.093Z]   ?#325 账号 3546682924992864: status=200 code=-101 msg=账号未登录
[2026-09-26T06:08:41.091Z]   ?#331 账号 3546682924992864: status=200 code=-101 msg=账号未登录
[2026-09-26T06:08:42.092Z]   ?#337 账号 3546682924992864: status=200 code=-101 msg=账号未登录
[2026-09-26T06:08:42.603Z]   进度：已发 340 次（成功 283）· 用时 57s · 实测 6.00 req/s
[2026-09-26T06:08:43.089Z]   ?#343 账号 3546682924992864: status=200 code=-101 msg=账号未登录
[2026-09-26T06:08:44.080Z]   ?#349 账号 3546682924992864: status=200 code=-101 msg=账号未登录
[2026-09-26T06:08:45.087Z]   ?#355 账号 3546682924992864: status=200 code=-101 msg=账号未登录
[2026-09-26T06:08:45.931Z]   进度：已发 360 次（成功 300）· 用时 60s · 实测 6.00 req/s
[2026-09-26T06:08:46.088Z]   ?#361 账号 3546682924992864: status=200 code=-101 msg=账号未登录
[2026-09-26T06:08:47.088Z]   ?#367 账号 3546682924992864: status=200 code=-101 msg=账号未登录
[2026-09-26T06:08:48.086Z]   ?#373 账号 3546682924992864: status=200 code=-101 msg=账号未登录
[2026-09-26T06:08:49.078Z]   ?#379 账号 3546682924992864: status=200 code=-101 msg=账号未登录
[2026-09-26T06:08:49.266Z]   进度：已发 380 次（成功 316）· 用时 63s · 实测 6.00 req/s
[2026-09-26T06:08:50.077Z]   ?#385 账号 3546682924992864: status=200 code=-101 msg=账号未登录
[2026-09-26T06:08:51.085Z]   ?#391 账号 3546682924992864: status=200 code=-101 msg=账号未登录
[2026-09-26T06:08:52.083Z]   ?#397 账号 3546682924992864: status=200 code=-101 msg=账号未登录
[2026-09-26T06:08:52.596Z]   进度：已发 400 次（成功 333）· 用时 67s · 实测 6.00 req/s
[2026-09-26T06:08:53.080Z]   ?#403 账号 3546682924992864: status=200 code=-101 msg=账号未登录
[2026-09-26T06:08:54.091Z]   ?#409 账号 3546682924992864: status=200 code=-101 msg=账号未登录
[2026-09-26T06:08:55.081Z]   ?#415 账号 3546682924992864: status=200 code=-101 msg=账号未登录
[2026-09-26T06:08:55.939Z]   进度：已发 420 次（成功 350）· 用时 70s · 实测 6.00 req/s
[2026-09-26T06:08:56.078Z]   ?#421 账号 3546682924992864: status=200 code=-101 msg=账号未登录
[2026-09-26T06:08:57.092Z]   ?#427 账号 3546682924992864: status=200 code=-101 msg=账号未登录
[2026-09-26T06:08:58.087Z]   ?#433 账号 3546682924992864: status=200 code=-101 msg=账号未登录
[2026-09-26T06:08:59.076Z]   ?#439 账号 3546682924992864: status=200 code=-101 msg=账号未登录
[2026-09-26T06:08:59.262Z]   进度：已发 440 次（成功 366）· 用时 73s · 实测 6.00 req/s
[2026-09-26T06:09:00.254Z]   ?#445 账号 3546682924992864: status=200 code=-101 msg=账号未登录
[2026-09-26T06:09:01.249Z]   ?#451 账号 3546682924992864: status=200 code=-101 msg=账号未登录
[2026-09-26T06:09:02.269Z]   ?#457 账号 3546682924992864: status=200 code=-101 msg=账号未登录
[2026-09-26T06:09:02.825Z]   进度：已发 460 次（成功 383）· 用时 77s · 实测 5.99 req/s
[2026-09-26T06:09:03.264Z]   ?#463 账号 3546682924992864: status=200 code=-101 msg=账号未登录
[2026-09-26T06:09:04.268Z]   ?#469 账号 3546682924992864: status=200 code=-101 msg=账号未登录
[2026-09-26T06:09:05.255Z]   ?#475 账号 3546682924992864: status=200 code=-101 msg=账号未登录
[2026-09-26T06:09:06.111Z]   进度：已发 480 次（成功 400）· 用时 80s · 实测 5.99 req/s
[2026-09-26T06:09:06.244Z]   ?#481 账号 3546682924992864: status=200 code=-101 msg=账号未登录
[2026-09-26T06:09:07.259Z]   ?#487 账号 3546682924992864: status=200 code=-101 msg=账号未登录
[2026-09-26T06:09:08.246Z]   ?#493 账号 3546682924992864: status=200 code=-101 msg=账号未登录
[2026-09-26T06:09:09.252Z]   ?#499 账号 3546682924992864: status=200 code=-101 msg=账号未登录
[2026-09-26T06:09:09.438Z]   进度：已发 500 次（成功 416）· 用时 83s · 实测 5.99 req/s
[2026-09-26T06:09:10.251Z]   ?#505 账号 3546682924992864: status=200 code=-101 msg=账号未登录
[2026-09-26T06:09:11.257Z]   ?#511 账号 3546682924992864: status=200 code=-101 msg=账号未登录
[2026-09-26T06:09:12.253Z]   ?#517 账号 3546682924992864: status=200 code=-101 msg=账号未登录
[2026-09-26T06:09:12.766Z]   进度：已发 520 次（成功 433）· 用时 87s · 实测 5.99 req/s
[2026-09-26T06:09:13.253Z]   ?#523 账号 3546682924992864: status=200 code=-101 msg=账号未登录
[2026-09-26T06:09:14.246Z]   ?#529 账号 3546682924992864: status=200 code=-101 msg=账号未登录
[2026-09-26T06:09:15.263Z]   ?#535 账号 3546682924992864: status=200 code=-101 msg=账号未登录
[2026-09-26T06:09:16.109Z]   进度：已发 540 次（成功 450）· 用时 90s · 实测 5.99 req/s
[2026-09-26T06:09:16.256Z]   ?#541 账号 3546682924992864: status=200 code=-101 msg=账号未登录
[2026-09-26T06:09:17.270Z]   ?#547 账号 3546682924992864: status=200 code=-101 msg=账号未登录
[2026-09-26T06:09:18.260Z]   ?#553 账号 3546682924992864: status=200 code=-101 msg=账号未登录
[2026-09-26T06:09:19.257Z]   ?#559 账号 3546682924992864: status=200 code=-101 msg=账号未登录
[2026-09-26T06:09:19.443Z]   进度：已发 560 次（成功 466）· 用时 93s · 实测 5.99 req/s
[2026-09-26T06:09:20.259Z]   ?#565 账号 3546682924992864: status=200 code=-101 msg=账号未登录
[2026-09-26T06:09:21.255Z]   ?#571 账号 3546682924992864: status=200 code=-101 msg=账号未登录
[2026-09-26T06:09:22.250Z]   ?#577 账号 3546682924992864: status=200 code=-101 msg=账号未登录
[2026-09-26T06:09:22.792Z]   进度：已发 580 次（成功 483）· 用时 97s · 实测 5.99 req/s
[2026-09-26T06:09:23.257Z]   ?#583 账号 3546682924992864: status=200 code=-101 msg=账号未登录
[2026-09-26T06:09:24.255Z]   ?#589 账号 3546682924992864: status=200 code=-101 msg=账号未登录
[2026-09-26T06:09:25.251Z]   ?#595 账号 3546682924992864: status=200 code=-101 msg=账号未登录
[2026-09-26T06:09:26.124Z]   进度：已发 600 次（成功 500）· 用时 100s · 实测 5.99 req/s
[2026-09-26T06:09:26.258Z]   ?#601 账号 3546682924992864: status=200 code=-101 msg=账号未登录
[2026-09-26T06:09:27.249Z]   ?#607 账号 3546682924992864: status=200 code=-101 msg=账号未登录
[2026-09-26T06:09:28.257Z]   ?#613 账号 3546682924992864: status=200 code=-101 msg=账号未登录
[2026-09-26T06:09:29.251Z]   ?#619 账号 3546682924992864: status=200 code=-101 msg=账号未登录
[2026-09-26T06:09:29.440Z]   进度：已发 620 次（成功 516）· 用时 103s · 实测 5.99 req/s
[2026-09-26T06:09:30.277Z]   ?#625 账号 3546682924992864: status=200 code=-101 msg=账号未登录
[2026-09-26T06:09:31.249Z]   ?#631 账号 3546682924992864: status=200 code=-101 msg=账号未登录
[2026-09-26T06:09:32.262Z]   ?#637 账号 3546682924992864: status=200 code=-101 msg=账号未登录
[2026-09-26T06:09:32.779Z]   进度：已发 640 次（成功 533）· 用时 107s · 实测 5.99 req/s
[2026-09-26T06:09:33.247Z]   ?#643 账号 3546682924992864: status=200 code=-101 msg=账号未登录
[2026-09-26T06:09:34.255Z]   ?#649 账号 3546682924992864: status=200 code=-101 msg=账号未登录
[2026-09-26T06:09:35.246Z]   ?#655 账号 3546682924992864: status=200 code=-101 msg=账号未登录
[2026-09-26T06:09:36.107Z]   进度：已发 660 次（成功 550）· 用时 110s · 实测 5.99 req/s
[2026-09-26T06:09:36.261Z]   ?#661 账号 3546682924992864: status=200 code=-101 msg=账号未登录
[2026-09-26T06:09:37.257Z]   ?#667 账号 3546682924992864: status=200 code=-101 msg=账号未登录
[2026-09-26T06:09:38.261Z]   ?#673 账号 3546682924992864: status=200 code=-101 msg=账号未登录
[2026-09-26T06:09:39.250Z]   ?#679 账号 3546682924992864: status=200 code=-101 msg=账号未登录
[2026-09-26T06:09:39.442Z]   进度：已发 680 次（成功 566）· 用时 113s · 实测 5.99 req/s
[2026-09-26T06:09:40.255Z]   ?#685 账号 3546682924992864: status=200 code=-101 msg=账号未登录
[2026-09-26T06:09:41.253Z]   ?#691 账号 3546682924992864: status=200 code=-101 msg=账号未登录
[2026-09-26T06:09:42.256Z]   ?#697 账号 3546682924992864: status=200 code=-101 msg=账号未登录
[2026-09-26T06:09:42.767Z]   进度：已发 700 次（成功 583）· 用时 117s · 实测 5.99 req/s
[2026-09-26T06:09:43.248Z]   ?#703 账号 3546682924992864: status=200 code=-101 msg=账号未登录
[2026-09-26T06:09:44.253Z]   ?#709 账号 3546682924992864: status=200 code=-101 msg=账号未登录
[2026-09-26T06:09:45.249Z]   ?#715 账号 3546682924992864: status=200 code=-101 msg=账号未登录
[2026-09-26T06:09:46.101Z]   进度：已发 720 次（成功 600）· 用时 120s · 实测 5.99 req/s
[2026-09-26T06:09:46.102Z] === 结束：全程无 412 · 总发出 720 次（成功 600）· 用时 120.1s · 实测速率 5.99 req/s
[2026-09-26T06:09:46.102Z]   各账号请求分布：3546682924992864=120 110934547=120 3546824587610162=120 1280871616=120 3690974649781084=120 3546648242293494=120
[2026-09-26T06:10:13.814Z] === 开始：mode=multi(5账号轮询) rate=12req/s 时长=90s ===
[2026-09-26T06:10:15.815Z]   进度：已发 20 次（成功 20）· 用时 2s · 实测 10.01 req/s
[2026-09-26T06:10:17.534Z]   进度：已发 40 次（成功 40）· 用时 4s · 实测 10.76 req/s
[2026-09-26T06:10:19.383Z]   进度：已发 60 次（成功 60）· 用时 6s · 实测 10.78 req/s
[2026-09-26T06:10:21.240Z]   进度：已发 80 次（成功 80）· 用时 7s · 实测 10.78 req/s
[2026-09-26T06:10:23.005Z]   进度：已发 100 次（成功 100）· 用时 9s · 实测 10.88 req/s
[2026-09-26T06:10:24.717Z]   进度：已发 120 次（成功 120）· 用时 11s · 实测 11.01 req/s
[2026-09-26T06:10:26.670Z]   进度：已发 140 次（成功 140）· 用时 13s · 实测 10.89 req/s
[2026-09-26T06:10:28.460Z]   进度：已发 160 次（成功 160）· 用时 15s · 实测 10.93 req/s
[2026-09-26T06:10:30.213Z]   进度：已发 180 次（成功 180）· 用时 16s · 实测 10.98 req/s
[2026-09-26T06:10:32.207Z]   进度：已发 200 次（成功 200）· 用时 18s · 实测 10.87 req/s
[2026-09-26T06:10:33.989Z]   进度：已发 220 次（成功 220）· 用时 20s · 实测 10.91 req/s
[2026-09-26T06:10:35.968Z]   进度：已发 240 次（成功 240）· 用时 22s · 实测 10.83 req/s
[2026-09-26T06:10:37.728Z]   进度：已发 260 次（成功 260）· 用时 24s · 实测 10.87 req/s
[2026-09-26T06:10:39.505Z]   进度：已发 280 次（成功 280）· 用时 26s · 实测 10.90 req/s
[2026-09-26T06:10:41.310Z]   进度：已发 300 次（成功 300）· 用时 27s · 实测 10.91 req/s
[2026-09-26T06:10:43.075Z]   进度：已发 320 次（成功 320）· 用时 29s · 实测 10.94 req/s
[2026-09-26T06:10:44.881Z]   进度：已发 340 次（成功 340）· 用时 31s · 实测 10.94 req/s
[2026-09-26T06:10:47.039Z]   进度：已发 360 次（成功 360）· 用时 33s · 实测 10.84 req/s
[2026-09-26T06:10:48.729Z]   进度：已发 380 次（成功 380）· 用时 35s · 实测 10.88 req/s
[2026-09-26T06:10:50.728Z]   进度：已发 400 次（成功 400）· 用时 37s · 实测 10.84 req/s
[2026-09-26T06:10:52.480Z]   进度：已发 420 次（成功 420）· 用时 39s · 实测 10.86 req/s
[2026-09-26T06:10:54.240Z]   进度：已发 440 次（成功 440）· 用时 40s · 实测 10.88 req/s
[2026-09-26T06:10:55.977Z]   进度：已发 460 次（成功 460）· 用时 42s · 实测 10.91 req/s
[2026-09-26T06:10:57.677Z]   进度：已发 480 次（成功 480）· 用时 44s · 实测 10.94 req/s
[2026-09-26T06:10:59.412Z]   进度：已发 500 次（成功 500）· 用时 46s · 实测 10.97 req/s
[2026-09-26T06:11:01.102Z]   进度：已发 520 次（成功 520）· 用时 47s · 实测 11.00 req/s
[2026-09-26T06:11:02.792Z]   进度：已发 540 次（成功 540）· 用时 49s · 实测 11.03 req/s
[2026-09-26T06:11:04.514Z]   进度：已发 560 次（成功 560）· 用时 51s · 实测 11.05 req/s
[2026-09-26T06:11:06.219Z]   进度：已发 580 次（成功 580）· 用时 52s · 实测 11.07 req/s
[2026-09-26T06:11:07.950Z]   进度：已发 600 次（成功 600）· 用时 54s · 实测 11.08 req/s
[2026-09-26T06:11:09.722Z]   进度：已发 620 次（成功 620）· 用时 56s · 实测 11.09 req/s
[2026-09-26T06:11:11.450Z]   进度：已发 640 次（成功 640）· 用时 58s · 实测 11.10 req/s
[2026-09-26T06:11:13.159Z]   进度：已发 660 次（成功 660）· 用时 59s · 实测 11.12 req/s
[2026-09-26T06:11:14.907Z]   进度：已发 680 次（成功 680）· 用时 61s · 实测 11.13 req/s
[2026-09-26T06:11:16.617Z]   进度：已发 700 次（成功 700）· 用时 63s · 实测 11.15 req/s
[2026-09-26T06:11:18.331Z]   进度：已发 720 次（成功 720）· 用时 65s · 实测 11.16 req/s
[2026-09-26T06:11:20.063Z]   进度：已发 740 次（成功 740）· 用时 66s · 实测 11.17 req/s
[2026-09-26T06:11:21.784Z]   进度：已发 760 次（成功 760）· 用时 68s · 实测 11.18 req/s
[2026-09-26T06:11:23.530Z]   进度：已发 780 次（成功 780）· 用时 70s · 实测 11.19 req/s
[2026-09-26T06:11:25.325Z]   进度：已发 800 次（成功 800）· 用时 72s · 实测 11.19 req/s
[2026-09-26T06:11:27.008Z]   进度：已发 820 次（成功 820）· 用时 73s · 实测 11.20 req/s
[2026-09-26T06:11:28.699Z]   进度：已发 840 次（成功 840）· 用时 75s · 实测 11.22 req/s
[2026-09-26T06:11:30.405Z]   进度：已发 860 次（成功 860）· 用时 77s · 实测 11.23 req/s
[2026-09-26T06:11:32.210Z]   进度：已发 880 次（成功 880）· 用时 78s · 实测 11.23 req/s
[2026-09-26T06:11:33.938Z]   进度：已发 900 次（成功 900）· 用时 80s · 实测 11.23 req/s
[2026-09-26T06:11:35.647Z]   进度：已发 920 次（成功 920）· 用时 82s · 实测 11.24 req/s
[2026-09-26T06:11:37.353Z]   进度：已发 940 次（成功 940）· 用时 84s · 实测 11.25 req/s
[2026-09-26T06:11:39.059Z]   进度：已发 960 次（成功 960）· 用时 85s · 实测 11.26 req/s
[2026-09-26T06:11:40.758Z]   进度：已发 980 次（成功 980）· 用时 87s · 实测 11.27 req/s
[2026-09-26T06:11:42.477Z]   进度：已发 1000 次（成功 1000）· 用时 89s · 实测 11.28 req/s
[2026-09-26T06:11:43.855Z] === 结束：全程无 412 · 总发出 1012 次（成功 1012）· 用时 90.0s · 实测速率 11.24 req/s
[2026-09-26T06:11:43.856Z]   各账号请求分布：110934547=203 3546824587610162=203 1280871616=202 3690974649781084=202 3546648242293494=202
[2026-09-26T06:12:06.447Z] === diag：status=200 ===
[2026-09-26T06:12:06.449Z]   access-control-allow-credentials: true
[2026-09-26T06:12:06.449Z]   access-control-allow-headers: origin,no-cache,x-requested-with,if-modified-since,pragma,last-modified,cache-control,expires,content-type,access-control-allow-credentials,dnt,x-customheader,keep-alive,user-agent,x-cache-webcdn,x-bilibili-key-real-ip,x-backend-bili-real-ip,x-risk-header,x-event-traceid
[2026-09-26T06:12:06.450Z]   access-control-allow-methods: GET,POST,PUT,DELETE,PATCH,HEAD,OPTIONS
[2026-09-26T06:12:06.450Z]   access-control-allow-origin: https://live.bilibili.com
[2026-09-26T06:12:06.450Z]   access-control-expose-headers: x-bili-gaia-vvoucher,x-bili-trace-id,x-bili-gaia-param
[2026-09-26T06:12:06.451Z]   bili-status-code: 0
[2026-09-26T06:12:06.451Z]   bili-trace-id: 0b9ec5230e6ab762
[2026-09-26T06:12:06.452Z]   cache-control: no-cache
[2026-09-26T06:12:06.452Z]   connection: keep-alive
[2026-09-26T06:12:06.452Z]   content-encoding: gzip
[2026-09-26T06:12:06.453Z]   content-type: application/json; charset=utf-8
[2026-09-26T06:12:06.453Z]   cpu_usage: 26
[2026-09-26T06:12:06.453Z]   cross-origin-resource-policy: cross-origin
[2026-09-26T06:12:06.453Z]   date: Sat, 26 Sep 2026 06:12:05 GMT
[2026-09-26T06:12:06.454Z]   expires: Sat, 26 Sep 2026 06:12:04 GMT
[2026-09-26T06:12:06.454Z]   transfer-encoding: chunked
[2026-09-26T06:12:06.454Z]   vary: Accept-Encoding,Origin,Accept
[2026-09-26T06:12:06.454Z]   x-bili-trace-id: 4044cc708b420a750b9ec5230e6ab762
[2026-09-26T06:12:06.455Z]   x-cache-webcdn: BYPASS from blzone02
[2026-09-26T06:12:06.462Z]   body 前 200 字: {"code":0,"message":"OK","ttl":1,"data":{"list":[{"id":2102775623360925696,"gift_num":1,"gift_num_unit":"","coin":"1","pay_coin":"1","ruid":3546967191849918,"gift_id":31164,"timestamp":1790175750,"roo
[2026-09-26T06:12:15.061Z] === 开始：mode=single rate=11req/s 时长=60s ===
[2026-09-26T06:12:17.293Z]   进度：已发 20 次（成功 20）· 用时 2s · 实测 8.97 req/s
[2026-09-26T06:12:19.456Z]   进度：已发 40 次（成功 40）· 用时 4s · 实测 9.11 req/s
[2026-09-26T06:12:21.512Z]   进度：已发 60 次（成功 60）· 用时 6s · 实测 9.30 req/s
[2026-09-26T06:12:23.619Z]   进度：已发 80 次（成功 80）· 用时 9s · 实测 9.35 req/s
[2026-09-26T06:12:25.703Z]   进度：已发 100 次（成功 100）· 用时 11s · 实测 9.40 req/s
[2026-09-26T06:12:27.835Z]   进度：已发 120 次（成功 120）· 用时 13s · 实测 9.40 req/s
[2026-09-26T06:12:29.919Z]   进度：已发 140 次（成功 140）· 用时 15s · 实测 9.42 req/s
[2026-09-26T06:12:31.985Z]   进度：已发 160 次（成功 160）· 用时 17s · 实测 9.46 req/s
[2026-09-26T06:12:34.089Z]   进度：已发 180 次（成功 180）· 用时 19s · 实测 9.46 req/s
[2026-09-26T06:12:36.188Z]   进度：已发 200 次（成功 200）· 用时 21s · 实测 9.47 req/s
[2026-09-26T06:12:38.260Z]   进度：已发 220 次（成功 220）· 用时 23s · 实测 9.48 req/s
[2026-09-26T06:12:40.312Z]   进度：已发 240 次（成功 240）· 用时 25s · 实测 9.51 req/s
[2026-09-26T06:12:42.381Z]   进度：已发 260 次（成功 260）· 用时 27s · 实测 9.52 req/s
[2026-09-26T06:12:44.427Z]   进度：已发 280 次（成功 280）· 用时 29s · 实测 9.54 req/s
[2026-09-26T06:12:46.477Z]   进度：已发 300 次（成功 300）· 用时 31s · 实测 9.55 req/s
[2026-09-26T06:12:48.539Z]   进度：已发 320 次（成功 320）· 用时 33s · 实测 9.56 req/s
[2026-09-26T06:12:50.659Z]   进度：已发 340 次（成功 340）· 用时 36s · 实测 9.55 req/s
[2026-09-26T06:12:52.706Z]   进度：已发 360 次（成功 360）· 用时 38s · 实测 9.56 req/s
[2026-09-26T06:12:54.791Z]   进度：已发 380 次（成功 380）· 用时 40s · 实测 9.57 req/s
[2026-09-26T06:12:57.196Z]   进度：已发 400 次（成功 400）· 用时 42s · 实测 9.49 req/s
[2026-09-26T06:12:59.599Z]   进度：已发 420 次（成功 420）· 用时 45s · 实测 9.43 req/s
[2026-09-26T06:13:01.681Z]   进度：已发 440 次（成功 440）· 用时 47s · 实测 9.44 req/s
[2026-09-26T06:13:03.835Z]   进度：已发 460 次（成功 460）· 用时 49s · 实测 9.43 req/s
[2026-09-26T06:13:05.916Z]   进度：已发 480 次（成功 480）· 用时 51s · 实测 9.44 req/s
[2026-09-26T06:13:07.949Z]   进度：已发 500 次（成功 500）· 用时 53s · 实测 9.45 req/s
[2026-09-26T06:13:10.002Z]   进度：已发 520 次（成功 520）· 用时 55s · 实测 9.47 req/s
[2026-09-26T06:13:12.110Z]   进度：已发 540 次（成功 540）· 用时 57s · 实测 9.47 req/s
[2026-09-26T06:13:14.139Z]   进度：已发 560 次（成功 560）· 用时 59s · 实测 9.48 req/s
[2026-09-26T06:13:15.068Z] === 结束：全程无 412 · 总发出 569 次（成功 569）· 用时 60.0s · 实测速率 9.48 req/s
[2026-09-26T06:13:15.069Z]   各账号请求分布：110934547=569
[2026-09-26T06:13:26.901Z] === 开始：mode=multi(5账号轮询) rate=30req/s 时长=60s ===
[2026-09-26T06:13:29.182Z]   进度：已发 20 次（成功 20）· 用时 2s · 实测 8.78 req/s
[2026-09-26T06:13:31.259Z]   进度：已发 40 次（成功 40）· 用时 4s · 实测 9.18 req/s
[2026-09-26T06:13:33.288Z]   进度：已发 60 次（成功 60）· 用时 6s · 实测 9.40 req/s
[2026-09-26T06:13:35.447Z]   进度：已发 80 次（成功 80）· 用时 9s · 实测 9.36 req/s
[2026-09-26T06:13:37.566Z]   进度：已发 100 次（成功 100）· 用时 11s · 实测 9.38 req/s
[2026-09-26T06:13:39.622Z]   进度：已发 120 次（成功 120）· 用时 13s · 实测 9.43 req/s
[2026-09-26T06:13:41.796Z]   进度：已发 140 次（成功 140）· 用时 15s · 实测 9.40 req/s
[2026-09-26T06:13:43.939Z]   进度：已发 160 次（成功 160）· 用时 17s · 实测 9.39 req/s
[2026-09-26T06:13:46.078Z]   进度：已发 180 次（成功 180）· 用时 19s · 实测 9.39 req/s
[2026-09-26T06:13:48.151Z]   进度：已发 200 次（成功 200）· 用时 21s · 实测 9.41 req/s
[2026-09-26T06:13:50.290Z]   进度：已发 220 次（成功 220）· 用时 23s · 实测 9.41 req/s
[2026-09-26T06:13:52.452Z]   进度：已发 240 次（成功 240）· 用时 26s · 实测 9.39 req/s
[2026-09-26T06:13:54.563Z]   进度：已发 260 次（成功 260）· 用时 28s · 实测 9.40 req/s
[2026-09-26T06:13:56.638Z]   进度：已发 280 次（成功 280）· 用时 30s · 实测 9.42 req/s
[2026-09-26T06:13:58.687Z]   进度：已发 300 次（成功 300）· 用时 32s · 实测 9.44 req/s
[2026-09-26T06:14:00.800Z]   进度：已发 320 次（成功 320）· 用时 34s · 实测 9.44 req/s
[2026-09-26T06:14:02.862Z]   进度：已发 340 次（成功 340）· 用时 36s · 实测 9.46 req/s
[2026-09-26T06:14:05.040Z]   进度：已发 360 次（成功 360）· 用时 38s · 实测 9.44 req/s
[2026-09-26T06:14:07.148Z]   进度：已发 380 次（成功 380）· 用时 40s · 实测 9.44 req/s
[2026-09-26T06:14:09.198Z]   进度：已发 400 次（成功 400）· 用时 42s · 实测 9.46 req/s
[2026-09-26T06:14:11.351Z]   进度：已发 420 次（成功 420）· 用时 44s · 实测 9.45 req/s
[2026-09-26T06:14:13.391Z]   进度：已发 440 次（成功 440）· 用时 46s · 实测 9.46 req/s
[2026-09-26T06:14:15.479Z]   进度：已发 460 次（成功 460）· 用时 49s · 实测 9.47 req/s
[2026-09-26T06:14:17.571Z]   进度：已发 480 次（成功 480）· 用时 51s · 实测 9.47 req/s
[2026-09-26T06:14:19.671Z]   进度：已发 500 次（成功 500）· 用时 53s · 实测 9.48 req/s
[2026-09-26T06:14:21.799Z]   进度：已发 520 次（成功 520）· 用时 55s · 实测 9.47 req/s
[2026-09-26T06:14:23.851Z]   进度：已发 540 次（成功 540）· 用时 57s · 实测 9.48 req/s
[2026-09-26T06:14:25.903Z]   进度：已发 560 次（成功 560）· 用时 59s · 实测 9.49 req/s
[2026-09-26T06:14:26.911Z] === 结束：全程无 412 · 总发出 570 次（成功 570）· 用时 60.0s · 实测速率 9.50 req/s
[2026-09-26T06:14:26.911Z]   各账号请求分布：110934547=114 3546824587610162=114 1280871616=114 3690974649781084=114 3546648242293494=114
[2026-09-26T06:14:49.539Z] === 开始：mode=multi(5账号轮询) rate=30req/s 时长=60s ===
[2026-09-26T06:14:49.542Z]   并发度=6
[2026-09-26T06:14:50.296Z]   进度：已发 22 次（成功 20）· 用时 1s · 实测 29.18 req/s
[2026-09-26T06:14:50.968Z]   进度：已发 43 次（成功 40）· 用时 1s · 实测 30.15 req/s
[2026-09-26T06:14:51.628Z]   进度：已发 62 次（成功 60）· 用时 2s · 实测 29.72 req/s
[2026-09-26T06:14:52.290Z]   进度：已发 82 次（成功 80）· 用时 3s · 实测 29.84 req/s
[2026-09-26T06:14:52.969Z]   进度：已发 103 次（成功 100）· 用时 3s · 实测 30.06 req/s
[2026-09-26T06:14:53.636Z]   进度：已发 123 次（成功 120）· 用时 4s · 实测 30.04 req/s
[2026-09-26T06:14:54.301Z]   进度：已发 143 次（成功 140）· 用时 5s · 实测 30.05 req/s
[2026-09-26T06:14:54.962Z]   进度：已发 162 次（成功 160）· 用时 5s · 实测 29.89 req/s
[2026-09-26T06:14:55.633Z]   进度：已发 183 次（成功 180）· 用时 6s · 实测 30.04 req/s
[2026-09-26T06:14:56.302Z]   进度：已发 203 次（成功 200）· 用时 7s · 实测 30.03 req/s
[2026-09-26T06:14:56.969Z]   进度：已发 223 次（成功 220）· 用时 7s · 实测 30.03 req/s
[2026-09-26T06:14:57.628Z]   进度：已发 242 次（成功 240）· 用时 8s · 实测 29.93 req/s
[2026-09-26T06:14:58.291Z]   进度：已发 262 次（成功 260）· 用时 9s · 实测 29.95 req/s
[2026-09-26T06:14:58.955Z]   进度：已发 282 次（成功 280）· 用时 9s · 实测 29.96 req/s
[2026-09-26T06:14:59.623Z]   进度：已发 302 次（成功 300）· 用时 10s · 实测 29.96 req/s
[2026-09-26T06:15:00.280Z]   进度：已发 322 次（成功 320）· 用时 11s · 实测 29.99 req/s
[2026-09-26T06:15:00.958Z]   进度：已发 342 次（成功 340）· 用时 11s · 实测 29.96 req/s
[2026-09-26T06:15:01.616Z]   进度：已发 362 次（成功 360）· 用时 12s · 实测 29.98 req/s
[2026-09-26T06:15:02.298Z]   进度：已发 383 次（成功 380）· 用时 13s · 实测 30.03 req/s
[2026-09-26T06:15:02.971Z]   进度：已发 403 次（成功 400）· 用时 13s · 实测 30.01 req/s
[2026-09-26T06:15:03.619Z]   进度：已发 422 次（成功 420）· 用时 14s · 实测 29.98 req/s
[2026-09-26T06:15:04.305Z]   进度：已发 443 次（成功 440）· 用时 15s · 实测 30.01 req/s
[2026-09-26T06:15:04.950Z]   进度：已发 462 次（成功 459）· 用时 15s · 实测 29.98 req/s
[2026-09-26T06:15:05.647Z]   进度：已发 483 次（成功 480）· 用时 16s · 实测 29.99 req/s
[2026-09-26T06:15:06.286Z]   进度：已发 502 次（成功 500）· 用时 17s · 实测 29.98 req/s
[2026-09-26T06:15:06.972Z]   进度：已发 523 次（成功 519）· 用时 17s · 实测 30.01 req/s
[2026-09-26T06:15:07.637Z]   进度：已发 543 次（成功 540）· 用时 18s · 实测 30.01 req/s
[2026-09-26T06:15:08.295Z]   进度：已发 562 次（成功 560）· 用时 19s · 实测 29.97 req/s
[2026-09-26T06:15:08.971Z]   进度：已发 583 次（成功 580）· 用时 19s · 实测 30.01 req/s
[2026-09-26T06:15:09.630Z]   进度：已发 602 次（成功 600）· 用时 20s · 实测 29.97 req/s
[2026-09-26T06:15:10.296Z]   进度：已发 622 次（成功 620）· 用时 21s · 实测 29.97 req/s
[2026-09-26T06:15:10.957Z]   进度：已发 642 次（成功 640）· 用时 21s · 实测 29.98 req/s
[2026-09-26T06:15:11.633Z]   进度：已发 663 次（成功 660）· 用时 22s · 实测 30.01 req/s
[2026-09-26T06:15:12.298Z]   进度：已发 682 次（成功 680）· 用时 23s · 实测 29.97 req/s
[2026-09-26T06:15:12.949Z]   进度：已发 702 次（成功 700）· 用时 23s · 实测 29.99 req/s
[2026-09-26T06:15:13.627Z]   进度：已发 722 次（成功 720）· 用时 24s · 实测 29.98 req/s
[2026-09-26T06:15:14.278Z]   进度：已发 742 次（成功 740）· 用时 25s · 实测 30.00 req/s
[2026-09-26T06:15:14.959Z]   进度：已发 762 次（成功 760）· 用时 25s · 实测 29.98 req/s
[2026-09-26T06:15:15.627Z]   进度：已发 782 次（成功 780）· 用时 26s · 实测 29.98 req/s
[2026-09-26T06:15:16.287Z]   进度：已发 802 次（成功 800）· 用时 27s · 实测 29.99 req/s
[2026-09-26T06:15:16.948Z]   进度：已发 822 次（成功 820）· 用时 27s · 实测 29.99 req/s
[2026-09-26T06:15:17.624Z]   进度：已发 842 次（成功 840）· 用时 28s · 实测 29.98 req/s
[2026-09-26T06:15:18.290Z]   进度：已发 862 次（成功 860）· 用时 29s · 实测 29.98 req/s
[2026-09-26T06:15:18.958Z]   进度：已发 882 次（成功 880）· 用时 29s · 实测 29.98 req/s
[2026-09-26T06:15:19.618Z]   进度：已发 902 次（成功 900）· 用时 30s · 实测 29.99 req/s
[2026-09-26T06:15:20.298Z]   进度：已发 923 次（成功 920）· 用时 31s · 实测 30.01 req/s
[2026-09-26T06:15:20.952Z]   进度：已发 942 次（成功 940）· 用时 31s · 实测 29.99 req/s
[2026-09-26T06:15:21.625Z]   进度：已发 962 次（成功 960）· 用时 32s · 实测 29.98 req/s
[2026-09-26T06:15:22.294Z]   进度：已发 982 次（成功 980）· 用时 33s · 实测 29.98 req/s
[2026-09-26T06:15:22.969Z]   进度：已发 1003 次（成功 999）· 用时 33s · 实测 30.01 req/s
[2026-09-26T06:15:23.629Z]   进度：已发 1022 次（成功 1020）· 用时 34s · 实测 29.98 req/s
[2026-09-26T06:15:24.284Z]   进度：已发 1042 次（成功 1040）· 用时 35s · 实测 29.99 req/s
[2026-09-26T06:15:24.956Z]   进度：已发 1062 次（成功 1060）· 用时 35s · 实测 29.99 req/s
[2026-09-26T06:15:25.614Z]   进度：已发 1082 次（成功 1080）· 用时 36s · 实测 30.00 req/s
[2026-09-26T06:15:26.281Z]   进度：已发 1102 次（成功 1100）· 用时 37s · 实测 30.00 req/s
[2026-09-26T06:15:26.948Z]   进度：已发 1122 次（成功 1120）· 用时 37s · 实测 30.00 req/s
[2026-09-26T06:15:27.628Z]   进度：已发 1142 次（成功 1140）· 用时 38s · 实测 29.98 req/s
[2026-09-26T06:15:28.289Z]   进度：已发 1162 次（成功 1160）· 用时 39s · 实测 29.99 req/s
[2026-09-26T06:15:28.959Z]   进度：已发 1182 次（成功 1180）· 用时 39s · 实测 29.99 req/s
[2026-09-26T06:15:29.620Z]   进度：已发 1202 次（成功 1200）· 用时 40s · 实测 29.99 req/s
[2026-09-26T06:15:30.290Z]   进度：已发 1222 次（成功 1220）· 用时 41s · 实测 29.99 req/s
[2026-09-26T06:15:30.964Z]   进度：已发 1242 次（成功 1240）· 用时 41s · 实测 29.98 req/s
[2026-09-26T06:15:31.648Z]   进度：已发 1263 次（成功 1260）· 用时 42s · 实测 30.00 req/s
[2026-09-26T06:15:32.286Z]   进度：已发 1282 次（成功 1280）· 用时 43s · 实测 29.99 req/s
[2026-09-26T06:15:32.953Z]   进度：已发 1302 次（成功 1300）· 用时 43s · 实测 29.99 req/s
[2026-09-26T06:15:33.615Z]   进度：已发 1322 次（成功 1320）· 用时 44s · 实测 30.00 req/s
[2026-09-26T06:15:34.292Z]   进度：已发 1342 次（成功 1340）· 用时 45s · 实测 29.99 req/s
[2026-09-26T06:15:34.960Z]   进度：已发 1362 次（成功 1360）· 用时 45s · 实测 29.99 req/s
[2026-09-26T06:15:35.623Z]   进度：已发 1382 次（成功 1379）· 用时 46s · 实测 29.99 req/s
[2026-09-26T06:15:36.348Z]   进度：已发 1404 次（成功 1401）· 用时 47s · 实测 30.00 req/s
[2026-09-26T06:15:36.965Z]   进度：已发 1423 次（成功 1420）· 用时 47s · 实测 30.01 req/s
[2026-09-26T06:15:37.642Z]   进度：已发 1443 次（成功 1441）· 用时 48s · 实测 30.00 req/s
[2026-09-26T06:15:38.294Z]   进度：已发 1462 次（成功 1460）· 用时 49s · 实测 29.99 req/s
[2026-09-26T06:15:38.948Z]   进度：已发 1482 次（成功 1480）· 用时 49s · 实测 30.00 req/s
[2026-09-26T06:15:39.627Z]   进度：已发 1502 次（成功 1500）· 用时 50s · 实测 29.99 req/s
[2026-09-26T06:15:40.300Z]   进度：已发 1523 次（成功 1520）· 用时 51s · 实测 30.01 req/s
[2026-09-26T06:15:40.963Z]   进度：已发 1543 次（成功 1540）· 用时 51s · 实测 30.01 req/s
[2026-09-26T06:15:41.632Z]   进度：已发 1563 次（成功 1560）· 用时 52s · 实测 30.01 req/s
[2026-09-26T06:15:42.288Z]   进度：已发 1582 次（成功 1580）· 用时 53s · 实测 29.99 req/s
[2026-09-26T06:15:42.949Z]   进度：已发 1602 次（成功 1600）· 用时 53s · 实测 30.00 req/s
[2026-09-26T06:15:43.612Z]   进度：已发 1622 次（成功 1620）· 用时 54s · 实测 30.00 req/s
[2026-09-26T06:15:44.302Z]   进度：已发 1643 次（成功 1640）· 用时 55s · 实测 30.00 req/s
[2026-09-26T06:15:44.965Z]   进度：已发 1663 次（成功 1660）· 用时 55s · 实测 30.01 req/s
[2026-09-26T06:15:45.626Z]   进度：已发 1682 次（成功 1680）· 用时 56s · 实测 29.99 req/s
[2026-09-26T06:15:46.325Z]   进度：已发 1703 次（成功 1700）· 用时 57s · 实测 29.99 req/s
[2026-09-26T06:15:46.954Z]   进度：已发 1722 次（成功 1720）· 用时 57s · 实测 29.99 req/s
[2026-09-26T06:15:47.626Z]   进度：已发 1742 次（成功 1740）· 用时 58s · 实测 29.99 req/s
[2026-09-26T06:15:48.295Z]   进度：已发 1762 次（成功 1760）· 用时 59s · 实测 29.99 req/s
[2026-09-26T06:15:48.957Z]   进度：已发 1782 次（成功 1780）· 用时 59s · 实测 29.99 req/s
[2026-09-26T06:15:49.620Z]   进度：已发 1800 次（成功 1800）· 用时 60s · 实测 29.96 req/s
[2026-09-26T06:15:49.645Z] === 结束：全程无 412 · 总发出 1800 次（成功 1800）· 用时 60.1s · 实测速率 29.95 req/s
[2026-09-26T06:15:49.646Z]   各账号请求分布：3546824587610162=360 110934547=360 1280871616=360 3690974649781084=360 3546648242293494=360
[2026-09-26T06:15:56.466Z] === 开始：mode=multi(5账号轮询) rate=60req/s 时长=60s ===
[2026-09-26T06:15:56.470Z]   并发度=12
[2026-09-26T06:15:56.917Z]   进度：已发 25 次（成功 20）· 用时 0s · 实测 55.93 req/s
[2026-09-26T06:15:57.250Z]   进度：已发 45 次（成功 39）· 用时 1s · 实测 57.69 req/s
[2026-09-26T06:15:57.588Z]   进度：已发 65 次（成功 60）· 用时 1s · 实测 58.14 req/s
[2026-09-26T06:15:57.914Z]   进度：已发 85 次（成功 79）· 用时 1s · 实测 58.86 req/s
[2026-09-26T06:15:58.273Z]   进度：已发 106 次（成功 101）· 用时 2s · 实测 58.79 req/s
[2026-09-26T06:15:58.594Z]   进度：已发 126 次（成功 120）· 用时 2s · 实测 59.32 req/s
[2026-09-26T06:15:58.911Z]   进度：已发 145 次（成功 140）· 用时 2s · 实测 59.40 req/s
[2026-09-26T06:15:59.263Z]   进度：已发 166 次（成功 160）· 用时 3s · 实测 59.43 req/s
[2026-09-26T06:15:59.606Z]   进度：已发 186 次（成功 180）· 用时 3s · 实测 59.31 req/s
[2026-09-26T06:15:59.919Z]   进度：已发 205 次（成功 200）· 用时 3s · 实测 59.44 req/s
[2026-09-26T06:16:00.252Z]   进度：已发 225 次（成功 220）· 用时 4s · 实测 59.49 req/s
[2026-09-26T06:16:00.603Z]   进度：已发 246 次（成功 241）· 用时 4s · 实测 59.52 req/s
[2026-09-26T06:16:00.929Z]   进度：已发 266 次（成功 261）· 用时 4s · 实测 59.65 req/s
[2026-09-26T06:16:01.249Z]   进度：已发 285 次（成功 280）· 用时 5s · 实测 59.64 req/s
[2026-09-26T06:16:01.601Z]   进度：已发 306 次（成功 300）· 用时 5s · 实测 59.64 req/s
[2026-09-26T06:16:01.916Z]   进度：已发 325 次（成功 320）· 用时 5s · 实测 59.68 req/s
[2026-09-26T06:16:02.264Z]   进度：已发 346 次（成功 340）· 用时 6s · 实测 59.72 req/s
[2026-09-26T06:16:02.594Z]   进度：已发 366 次（成功 360）· 用时 6s · 实测 59.76 req/s
[2026-09-26T06:16:02.914Z]   进度：已发 385 次（成功 379）· 用时 6s · 实测 59.75 req/s
[2026-09-26T06:16:03.280Z]   进度：已发 407 次（成功 399）· 用时 7s · 实测 59.77 req/s
[2026-09-26T06:16:03.633Z]   进度：已发 428 次（成功 422）· 用时 7s · 实测 59.75 req/s
[2026-09-26T06:16:03.966Z]   进度：已发 448 次（成功 441）· 用时 7s · 实测 59.77 req/s
[2026-09-26T06:16:04.320Z]   进度：已发 469 次（成功 462）· 用时 8s · 实测 59.75 req/s
[2026-09-26T06:16:04.598Z]   进度：已发 486 次（成功 480）· 用时 8s · 实测 59.79 req/s
[2026-09-26T06:16:04.916Z]   进度：已发 505 次（成功 500）· 用时 8s · 实测 59.79 req/s
[2026-09-26T06:16:05.266Z]   进度：已发 526 次（成功 520）· 用时 9s · 实测 59.80 req/s
[2026-09-26T06:16:05.640Z]   进度：已发 548 次（成功 540）· 用时 9s · 实测 59.76 req/s
[2026-09-26T06:16:05.929Z]   进度：已发 566 次（成功 560）· 用时 9s · 实测 59.84 req/s
[2026-09-26T06:16:06.249Z]   进度：已发 585 次（成功 580）· 用时 10s · 实测 59.82 req/s
[2026-09-26T06:16:06.592Z]   进度：已发 605 次（成功 600）· 用时 10s · 实测 59.77 req/s
[2026-09-26T06:16:06.916Z]   进度：已发 625 次（成功 620）· 用时 10s · 实测 59.83 req/s
[2026-09-26T06:16:07.250Z]   进度：已发 645 次（成功 640）· 用时 11s · 实测 59.83 req/s
[2026-09-26T06:16:07.592Z]   进度：已发 665 次（成功 659）· 用时 11s · 实测 59.79 req/s
[2026-09-26T06:16:07.934Z]   进度：已发 686 次（成功 681）· 用时 11s · 实测 59.84 req/s
[2026-09-26T06:16:08.283Z]   进度：已发 707 次（成功 701）· 用时 12s · 实测 59.85 req/s
[2026-09-26T06:16:08.591Z]   进度：已发 725 次（成功 720）· 用时 12s · 实测 59.81 req/s
[2026-09-26T06:16:08.914Z]   进度：已发 745 次（成功 739）· 用时 12s · 实测 59.87 req/s
[2026-09-26T06:16:09.252Z]   进度：已发 765 次（成功 759）· 用时 13s · 实测 59.85 req/s
[2026-09-26T06:16:09.605Z]   进度：已发 786 次（成功 780）· 用时 13s · 实测 59.84 req/s
[2026-09-26T06:16:09.922Z]   进度：已发 805 次（成功 800）· 用时 13s · 实测 59.84 req/s
[2026-09-26T06:16:10.254Z]   进度：已发 825 次（成功 820）· 用时 14s · 实测 59.85 req/s
[2026-09-26T06:16:10.596Z]   进度：已发 846 次（成功 841）· 用时 14s · 实测 59.89 req/s
[2026-09-26T06:16:10.918Z]   进度：已发 865 次（成功 860）· 用时 14s · 实测 59.87 req/s
[2026-09-26T06:16:11.253Z]   进度：已发 885 次（成功 880）· 用时 15s · 实测 59.87 req/s
[2026-09-26T06:16:11.607Z]   进度：已发 906 次（成功 900）· 用时 15s · 实测 59.85 req/s
[2026-09-26T06:16:11.920Z]   进度：已发 925 次（成功 920）· 用时 15s · 实测 59.87 req/s
[2026-09-26T06:16:12.253Z]   进度：已发 945 次（成功 940）· 用时 16s · 实测 59.87 req/s
[2026-09-26T06:16:12.601Z]   进度：已发 966 次（成功 961）· 用时 16s · 实测 59.88 req/s
[2026-09-26T06:16:12.925Z]   进度：已发 985 次（成功 981）· 用时 16s · 实测 59.86 req/s
[2026-09-26T06:16:13.253Z]   进度：已发 1005 次（成功 1000）· 用时 17s · 实测 59.88 req/s
[2026-09-26T06:16:13.587Z]   进度：已发 1025 次（成功 1019）· 用时 17s · 实测 59.88 req/s
[2026-09-26T06:16:13.916Z]   进度：已发 1045 次（成功 1040）· 用时 17s · 实测 59.90 req/s
[2026-09-26T06:16:14.266Z]   进度：已发 1066 次（成功 1061）· 用时 18s · 实测 59.90 req/s
[2026-09-26T06:16:14.598Z]   进度：已发 1086 次（成功 1080）· 用时 18s · 实测 59.91 req/s
[2026-09-26T06:16:14.920Z]   进度：已发 1105 次（成功 1100）· 用时 18s · 实测 59.89 req/s
[2026-09-26T06:16:15.274Z]   进度：已发 1126 次（成功 1121）· 用时 19s · 实测 59.88 req/s
[2026-09-26T06:16:15.619Z]   进度：已发 1147 次（成功 1141）· 用时 19s · 实测 59.90 req/s
[2026-09-26T06:16:15.924Z]   进度：已发 1165 次（成功 1160）· 用时 19s · 实测 59.88 req/s
[2026-09-26T06:16:16.248Z]   进度：已发 1185 次（成功 1180）· 用时 20s · 实测 59.92 req/s
[2026-09-26T06:16:16.575Z]   进度：已发 1204 次（成功 1199）· 用时 20s · 实测 59.89 req/s
[2026-09-26T06:16:16.920Z]   进度：已发 1225 次（成功 1220）· 用时 20s · 实测 59.90 req/s
[2026-09-26T06:16:17.253Z]   进度：已发 1245 次（成功 1240）· 用时 21s · 实测 59.90 req/s
[2026-09-26T06:16:17.581Z]   进度：已发 1265 次（成功 1259）· 用时 21s · 实测 59.92 req/s
[2026-09-26T06:16:17.915Z]   进度：已发 1285 次（成功 1280）· 用时 21s · 实测 59.92 req/s
[2026-09-26T06:16:18.274Z]   进度：已发 1306 次（成功 1300）· 用时 22s · 实测 59.90 req/s
[2026-09-26T06:16:18.584Z]   进度：已发 1325 次（成功 1320）· 用时 22s · 实测 59.92 req/s
[2026-09-26T06:16:18.913Z]   进度：已发 1345 次（成功 1339）· 用时 22s · 实测 59.93 req/s
[2026-09-26T06:16:19.240Z]   进度：已发 1364 次（成功 1359）· 用时 23s · 实测 59.90 req/s
[2026-09-26T06:16:19.608Z]   进度：已发 1386 次（成功 1381）· 用时 23s · 实测 59.90 req/s
[2026-09-26T06:16:19.934Z]   进度：已发 1406 次（成功 1400）· 用时 23s · 实测 59.92 req/s
[2026-09-26T06:16:20.250Z]   进度：已发 1425 次（成功 1420）· 用时 24s · 实测 59.92 req/s
[2026-09-26T06:16:20.583Z]   进度：已发 1445 次（成功 1440）· 用时 24s · 实测 59.93 req/s
[2026-09-26T06:16:20.921Z]   进度：已发 1465 次（成功 1460）· 用时 24s · 实测 59.92 req/s
[2026-09-26T06:16:21.278Z]   进度：已发 1487 次（成功 1481）· 用时 25s · 实测 59.94 req/s
[2026-09-26T06:16:21.601Z]   进度：已发 1506 次（成功 1500）· 用时 25s · 实测 59.93 req/s
[2026-09-26T06:16:21.918Z]   进度：已发 1525 次（成功 1520）· 用时 25s · 实测 59.93 req/s
[2026-09-26T06:16:22.252Z]   进度：已发 1545 次（成功 1539）· 用时 26s · 实测 59.93 req/s
[2026-09-26T06:16:22.605Z]   进度：已发 1566 次（成功 1560）· 用时 26s · 实测 59.92 req/s
[2026-09-26T06:16:22.916Z]   进度：已发 1585 次（成功 1580）· 用时 26s · 实测 59.93 req/s
[2026-09-26T06:16:23.271Z]   进度：已发 1606 次（成功 1601）· 用时 27s · 实测 59.92 req/s
[2026-09-26T06:16:23.584Z]   进度：已发 1625 次（成功 1620）· 用时 27s · 实测 59.93 req/s
[2026-09-26T06:16:23.931Z]   进度：已发 1646 次（成功 1639）· 用时 27s · 实测 59.94 req/s
[2026-09-26T06:16:24.257Z]   进度：已发 1665 次（成功 1660）· 用时 28s · 实测 59.92 req/s
[2026-09-26T06:16:24.587Z]   进度：已发 1685 次（成功 1678）· 用时 28s · 实测 59.93 req/s
[2026-09-26T06:16:24.926Z]   进度：已发 1705 次（成功 1700）· 用时 28s · 实测 59.92 req/s
[2026-09-26T06:16:25.260Z]   进度：已发 1725 次（成功 1719）· 用时 29s · 实测 59.92 req/s
[2026-09-26T06:16:25.601Z]   进度：已发 1746 次（成功 1740）· 用时 29s · 实测 59.94 req/s
[2026-09-26T06:16:25.938Z]   进度：已发 1766 次（成功 1760）· 用时 29s · 实测 59.93 req/s
[2026-09-26T06:16:26.261Z]   进度：已发 1785 次（成功 1781）· 用时 30s · 实测 59.92 req/s
[2026-09-26T06:16:26.633Z]   进度：已发 1808 次（成功 1801）· 用时 30s · 实测 59.94 req/s
[2026-09-26T06:16:26.923Z]   进度：已发 1825 次（成功 1820）· 用时 30s · 实测 59.93 req/s
[2026-09-26T06:16:27.248Z]   进度：已发 1845 次（成功 1839）· 用时 31s · 实测 59.95 req/s
[2026-09-26T06:16:27.605Z]   进度：已发 1866 次（成功 1861）· 用时 31s · 实测 59.93 req/s
[2026-09-26T06:16:27.913Z]   进度：已发 1885 次（成功 1880）· 用时 31s · 实测 59.95 req/s
[2026-09-26T06:16:28.252Z]   进度：已发 1905 次（成功 1900）· 用时 32s · 实测 59.94 req/s
[2026-09-26T06:16:28.579Z]   进度：已发 1925 次（成功 1920）· 用时 32s · 实测 59.95 req/s
[2026-09-26T06:16:28.943Z]   进度：已发 1946 次（成功 1940）· 用时 32s · 实测 59.93 req/s
[2026-09-26T06:16:29.265Z]   进度：已发 1966 次（成功 1960）· 用时 33s · 实测 59.95 req/s
[2026-09-26T06:16:29.573Z]   进度：已发 1984 次（成功 1980）· 用时 33s · 实测 59.93 req/s
[2026-09-26T06:16:29.935Z]   进度：已发 2006 次（成功 2001）· 用时 33s · 实测 59.94 req/s
[2026-09-26T06:16:30.252Z]   进度：已发 2025 次（成功 2019）· 用时 34s · 实测 59.94 req/s
[2026-09-26T06:16:30.611Z]   进度：已发 2046 次（成功 2041）· 用时 34s · 实测 59.93 req/s
[2026-09-26T06:16:30.918Z]   进度：已发 2065 次（成功 2060）· 用时 34s · 实测 59.95 req/s
[2026-09-26T06:16:31.262Z]   进度：已发 2086 次（成功 2080）· 用时 35s · 实测 59.96 req/s
[2026-09-26T06:16:31.583Z]   进度：已发 2105 次（成功 2099）· 用时 35s · 实测 59.95 req/s
[2026-09-26T06:16:31.911Z]   进度：已发 2124 次（成功 2120）· 用时 35s · 实测 59.93 req/s
[2026-09-26T06:16:32.260Z]   进度：已发 2145 次（成功 2140）· 用时 36s · 实测 59.93 req/s
[2026-09-26T06:16:32.579Z]   进度：已发 2165 次（成功 2160）· 用时 36s · 实测 59.96 req/s
[2026-09-26T06:16:32.919Z]   进度：已发 2185 次（成功 2179）· 用时 36s · 实测 59.95 req/s
[2026-09-26T06:16:33.270Z]   进度：已发 2206 次（成功 2201）· 用时 37s · 实测 59.95 req/s
[2026-09-26T06:16:33.578Z]   进度：已发 2225 次（成功 2219）· 用时 37s · 实测 59.96 req/s
[2026-09-26T06:16:33.920Z]   进度：已发 2245 次（成功 2240）· 用时 37s · 实测 59.95 req/s
[2026-09-26T06:16:34.252Z]   进度：已发 2265 次（成功 2260）· 用时 38s · 实测 59.95 req/s
[2026-09-26T06:16:34.591Z]   进度：已发 2285 次（成功 2279）· 用时 38s · 实测 59.94 req/s
[2026-09-26T06:16:34.917Z]   进度：已发 2305 次（成功 2300）· 用时 38s · 实测 59.95 req/s
[2026-09-26T06:16:35.245Z]   进度：已发 2325 次（成功 2320）· 用时 39s · 实测 59.96 req/s
[2026-09-26T06:16:35.581Z]   进度：已发 2345 次（成功 2340）· 用时 39s · 实测 59.96 req/s
[2026-09-26T06:16:35.910Z]   进度：已发 2364 次（成功 2360）· 用时 39s · 实测 59.94 req/s
[2026-09-26T06:16:36.259Z]   进度：已发 2385 次（成功 2380）· 用时 40s · 实测 59.94 req/s
[2026-09-26T06:16:36.584Z]   进度：已发 2405 次（成功 2400）· 用时 40s · 实测 59.95 req/s
[2026-09-26T06:16:36.919Z]   进度：已发 2425 次（成功 2419）· 用时 40s · 实测 59.95 req/s
[2026-09-26T06:16:37.264Z]   进度：已发 2446 次（成功 2441）· 用时 41s · 实测 59.96 req/s
[2026-09-26T06:16:37.582Z]   进度：已发 2465 次（成功 2460）· 用时 41s · 实测 59.96 req/s
[2026-09-26T06:16:37.940Z]   进度：已发 2486 次（成功 2480）· 用时 41s · 实测 59.95 req/s
[2026-09-26T06:16:38.243Z]   进度：已发 2504 次（成功 2499）· 用时 42s · 实测 59.94 req/s
[2026-09-26T06:16:38.604Z]   进度：已发 2526 次（成功 2520）· 用时 42s · 实测 59.95 req/s
[2026-09-26T06:16:38.919Z]   进度：已发 2545 次（成功 2540）· 用时 42s · 实测 59.95 req/s
[2026-09-26T06:16:39.256Z]   进度：已发 2565 次（成功 2560）· 用时 43s · 实测 59.95 req/s
[2026-09-26T06:16:39.621Z]   进度：已发 2587 次（成功 2580）· 用时 43s · 实测 59.95 req/s
[2026-09-26T06:16:39.923Z]   进度：已发 2605 次（成功 2600）· 用时 43s · 实测 59.95 req/s
[2026-09-26T06:16:40.275Z]   进度：已发 2626 次（成功 2621）· 用时 44s · 实测 59.95 req/s
[2026-09-26T06:16:40.581Z]   进度：已发 2645 次（成功 2639）· 用时 44s · 实测 59.96 req/s
[2026-09-26T06:16:40.907Z]   进度：已发 2664 次（成功 2660）· 用时 44s · 实测 59.95 req/s
[2026-09-26T06:16:41.284Z]   进度：已发 2687 次（成功 2681）· 用时 45s · 实测 59.96 req/s
[2026-09-26T06:16:41.586Z]   进度：已发 2705 次（成功 2700）· 用时 45s · 实测 59.96 req/s
[2026-09-26T06:16:41.947Z]   进度：已发 2727 次（成功 2721）· 用时 45s · 实测 59.96 req/s
[2026-09-26T06:16:42.263Z]   进度：已发 2746 次（成功 2740）· 用时 46s · 实测 59.97 req/s
[2026-09-26T06:16:42.594Z]   进度：已发 2765 次（成功 2760）· 用时 46s · 实测 59.95 req/s
[2026-09-26T06:16:42.916Z]   进度：已发 2785 次（成功 2780）· 用时 46s · 实测 59.96 req/s
[2026-09-26T06:16:43.273Z]   进度：已发 2806 次（成功 2800）· 用时 47s · 实测 59.95 req/s
[2026-09-26T06:16:43.588Z]   进度：已发 2825 次（成功 2820）· 用时 47s · 实测 59.96 req/s
[2026-09-26T06:16:43.924Z]   进度：已发 2845 次（成功 2839）· 用时 47s · 实测 59.95 req/s
[2026-09-26T06:16:44.277Z]   进度：已发 2866 次（成功 2861）· 用时 48s · 实测 59.95 req/s
[2026-09-26T06:16:44.588Z]   进度：已发 2885 次（成功 2880）· 用时 48s · 实测 59.96 req/s
[2026-09-26T06:16:44.932Z]   进度：已发 2906 次（成功 2899）· 用时 48s · 实测 59.96 req/s
[2026-09-26T06:16:45.255Z]   进度：已发 2925 次（成功 2920）· 用时 49s · 实测 59.96 req/s
[2026-09-26T06:16:45.601Z]   进度：已发 2946 次（成功 2940）· 用时 49s · 实测 59.96 req/s
[2026-09-26T06:16:45.924Z]   进度：已发 2965 次（成功 2960）· 用时 49s · 实测 59.95 req/s
[2026-09-26T06:16:46.265Z]   进度：已发 2986 次（成功 2979）· 用时 50s · 实测 59.97 req/s
[2026-09-26T06:16:46.584Z]   进度：已发 3005 次（成功 3000）· 用时 50s · 实测 59.96 req/s
[2026-09-26T06:16:46.926Z]   进度：已发 3025 次（成功 3020）· 用时 50s · 实测 59.95 req/s
[2026-09-26T06:16:47.248Z]   进度：已发 3045 次（成功 3040）· 用时 51s · 实测 59.97 req/s
[2026-09-26T06:16:47.618Z]   进度：已发 3067 次（成功 3060）· 用时 51s · 实测 59.96 req/s
[2026-09-26T06:16:47.924Z]   进度：已发 3085 次（成功 3080）· 用时 51s · 实测 59.96 req/s
[2026-09-26T06:16:48.273Z]   进度：已发 3106 次（成功 3101）· 用时 52s · 实测 59.96 req/s
[2026-09-26T06:16:48.584Z]   进度：已发 3125 次（成功 3120）· 用时 52s · 实测 59.96 req/s
[2026-09-26T06:16:48.925Z]   进度：已发 3145 次（成功 3140）· 用时 52s · 实测 59.96 req/s
[2026-09-26T06:16:49.244Z]   进度：已发 3164 次（成功 3159）· 用时 53s · 实测 59.95 req/s
[2026-09-26T06:16:49.582Z]   进度：已发 3185 次（成功 3180）· 用时 53s · 实测 59.97 req/s
[2026-09-26T06:16:49.910Z]   进度：已发 3204 次（成功 3199）· 用时 53s · 实测 59.96 req/s
[2026-09-26T06:16:50.257Z]   进度：已发 3225 次（成功 3220）· 用时 54s · 实测 59.96 req/s
[2026-09-26T06:16:50.597Z]   进度：已发 3246 次（成功 3240）· 用时 54s · 实测 59.97 req/s
[2026-09-26T06:16:50.930Z]   进度：已发 3266 次（成功 3261）· 用时 54s · 实测 59.97 req/s
[2026-09-26T06:16:51.265Z]   进度：已发 3286 次（成功 3280）· 用时 55s · 实测 59.97 req/s
[2026-09-26T06:16:51.602Z]   进度：已发 3306 次（成功 3300）· 用时 55s · 实测 59.97 req/s
[2026-09-26T06:16:51.922Z]   进度：已发 3325 次（成功 3321）· 用时 55s · 实测 59.96 req/s
[2026-09-26T06:16:52.253Z]   进度：已发 3345 次（成功 3340）· 用时 56s · 实测 59.96 req/s
[2026-09-26T06:16:52.576Z]   进度：已发 3364 次（成功 3359）· 用时 56s · 实测 59.96 req/s
[2026-09-26T06:16:52.942Z]   进度：已发 3386 次（成功 3380）· 用时 56s · 实测 59.96 req/s
[2026-09-26T06:16:53.248Z]   进度：已发 3405 次（成功 3400）· 用时 57s · 实测 59.97 req/s
[2026-09-26T06:16:53.603Z]   进度：已发 3426 次（成功 3421）· 用时 57s · 实测 59.97 req/s
[2026-09-26T06:16:53.922Z]   进度：已发 3445 次（成功 3440）· 用时 57s · 实测 59.96 req/s
[2026-09-26T06:16:54.255Z]   进度：已发 3465 次（成功 3460）· 用时 58s · 实测 59.96 req/s
[2026-09-26T06:16:54.593Z]   进度：已发 3485 次（成功 3480）· 用时 58s · 实测 59.96 req/s
[2026-09-26T06:16:54.938Z]   进度：已发 3506 次（成功 3501）· 用时 58s · 实测 59.96 req/s
[2026-09-26T06:16:55.259Z]   进度：已发 3525 次（成功 3520）· 用时 59s · 实测 59.96 req/s
[2026-09-26T06:16:55.601Z]   进度：已发 3546 次（成功 3540）· 用时 59s · 实测 59.97 req/s
[2026-09-26T06:16:55.946Z]   进度：已发 3567 次（成功 3561）· 用时 59s · 实测 59.97 req/s
[2026-09-26T06:16:56.272Z]   进度：已发 3586 次（成功 3581）· 用时 60s · 实测 59.96 req/s
[2026-09-26T06:16:56.586Z] === 结束：全程无 412 · 总发出 3598 次（成功 3598）· 用时 60.1s · 实测速率 59.85 req/s
[2026-09-26T06:16:56.587Z]   各账号请求分布：110934547=720 3690974649781084=719 3546648242293494=719 3546824587610162=720 1280871616=720
[2026-09-26T06:17:03.374Z] === 开始：mode=multi(5账号轮询) rate=120req/s 时长=30s ===
[2026-09-26T06:17:03.378Z]   并发度=20
[2026-09-26T06:17:03.658Z]   进度：已发 29 次（成功 11）· 用时 0s · 实测 103.57 req/s
[2026-09-26T06:17:03.827Z]   进度：已发 50 次（成功 40）· 用时 0s · 实测 111.36 req/s
[2026-09-26T06:17:04.009Z]   进度：已发 71 次（成功 61）· 用时 1s · 实测 112.52 req/s
[2026-09-26T06:17:04.164Z]   进度：已发 90 次（成功 79）· 用时 1s · 实测 114.50 req/s
[2026-09-26T06:17:04.322Z]   进度：已发 109 次（成功 100）· 用时 1s · 实测 115.47 req/s
[2026-09-26T06:17:04.485Z]   进度：已发 128 次（成功 120）· 用时 1s · 实测 115.63 req/s
[2026-09-26T06:17:04.658Z]   进度：已发 149 次（成功 139）· 用时 1s · 实测 116.41 req/s
[2026-09-26T06:17:04.843Z]   进度：已发 171 次（成功 161）· 用时 1s · 实测 116.72 req/s
[2026-09-26T06:17:04.987Z]   进度：已发 189 次（成功 179）· 用时 2s · 实测 117.46 req/s
[2026-09-26T06:17:05.164Z]   进度：已发 210 次（成功 199）· 用时 2s · 实测 117.58 req/s
[2026-09-26T06:17:05.318Z]   进度：已发 228 次（成功 220）· 用时 2s · 实测 117.53 req/s
[2026-09-26T06:17:05.516Z]   进度：已发 252 次（成功 242）· 用时 2s · 实测 117.87 req/s
[2026-09-26T06:17:05.649Z]   进度：已发 268 次（成功 259）· 用时 2s · 实测 118.01 req/s
[2026-09-26T06:17:05.833Z]   进度：已发 290 次（成功 280）· 用时 2s · 实测 118.13 req/s
[2026-09-26T06:17:05.983Z]   进度：已发 308 次（成功 300）· 用时 3s · 实测 118.23 req/s
[2026-09-26T06:17:06.160Z]   进度：已发 329 次（成功 321）· 用时 3s · 实测 118.26 req/s
[2026-09-26T06:17:06.318Z]   进度：已发 348 次（成功 340）· 用时 3s · 实测 118.37 req/s
[2026-09-26T06:17:06.484Z]   进度：已发 368 次（成功 360）· 用时 3s · 实测 118.48 req/s
[2026-09-26T06:17:06.654Z]   进度：已发 389 次（成功 379）· 用时 3s · 实测 118.74 req/s
[2026-09-26T06:17:06.815Z]   进度：已发 408 次（成功 399）· 用时 3s · 实测 118.71 req/s
[2026-09-26T06:17:07.007Z]   进度：已发 431 次（成功 422）· 用时 4s · 实测 118.77 req/s
[2026-09-26T06:17:07.164Z]   进度：已发 450 次（成功 439）· 用时 4s · 实测 118.86 req/s
[2026-09-26T06:17:07.321Z]   进度：已发 469 次（成功 458）· 用时 4s · 实测 118.94 req/s
[2026-09-26T06:17:07.489Z]   进度：已发 489 次（成功 481）· 用时 4s · 实测 118.95 req/s
[2026-09-26T06:17:07.661Z]   进度：已发 510 次（成功 501）· 用时 4s · 实测 119.08 req/s
[2026-09-26T06:17:07.827Z]   进度：已发 529 次（成功 521）· 用时 4s · 实测 118.90 req/s
[2026-09-26T06:17:07.989Z]   进度：已发 549 次（成功 540）· 用时 5s · 实测 119.06 req/s
[2026-09-26T06:17:08.162Z]   进度：已发 570 次（成功 558）· 用时 5s · 实测 119.15 req/s
[2026-09-26T06:17:08.317Z]   进度：已发 588 次（成功 580）· 用时 5s · 实测 119.05 req/s
[2026-09-26T06:17:08.548Z]   进度：已发 616 次（成功 604）· 用时 5s · 实测 119.15 req/s
[2026-09-26T06:17:08.662Z]   进度：已发 630 次（成功 619）· 用时 5s · 实测 119.23 req/s
[2026-09-26T06:17:08.819Z]   进度：已发 649 次（成功 640）· 用时 5s · 实测 119.28 req/s
[2026-09-26T06:17:08.984Z]   进度：已发 668 次（成功 660）· 用时 6s · 实测 119.16 req/s
[2026-09-26T06:17:09.189Z]   进度：已发 693 次（成功 680）· 用时 6s · 实测 119.26 req/s
[2026-09-26T06:17:09.319Z]   进度：已发 709 次（成功 700）· 用时 6s · 实测 119.34 req/s
[2026-09-26T06:17:09.493Z]   进度：已发 729 次（成功 720）· 用时 6s · 实测 119.22 req/s
[2026-09-26T06:17:09.672Z]   进度：已发 751 次（成功 741）· 用时 6s · 实测 119.32 req/s
[2026-09-26T06:17:09.819Z]   进度：已发 769 次（成功 760）· 用时 6s · 实测 119.39 req/s
[2026-09-26T06:17:09.990Z]   进度：已发 789 次（成功 780）· 用时 7s · 实测 119.33 req/s
[2026-09-26T06:17:10.150Z]   进度：已发 808 次（成功 800）· 用时 7s · 实测 119.31 req/s
[2026-09-26T06:17:10.340Z]   进度：已发 831 次（成功 820）· 用时 7s · 实测 119.36 req/s
[2026-09-26T06:17:10.496Z]   进度：已发 850 次（成功 841）· 用时 7s · 实测 119.42 req/s
[2026-09-26T06:17:10.657Z]   进度：已发 869 次（成功 859）· 用时 7s · 实测 119.38 req/s
[2026-09-26T06:17:10.873Z]   进度：已发 895 次（成功 882）· 用时 7s · 实测 119.41 req/s
[2026-09-26T06:17:10.999Z]   进度：已发 910 次（成功 900）· 用时 8s · 实测 119.41 req/s
[2026-09-26T06:17:11.196Z]   进度：已发 934 次（成功 920）· 用时 8s · 实测 119.47 req/s
[2026-09-26T06:17:11.322Z]   进度：已发 949 次（成功 940）· 用时 8s · 实测 119.46 req/s
[2026-09-26T06:17:11.505Z]   进度：已发 971 次（成功 962）· 用时 8s · 实测 119.48 req/s
[2026-09-26T06:17:11.660Z]   进度：已发 989 次（成功 980）· 用时 8s · 实测 119.42 req/s
[2026-09-26T06:17:11.819Z]   进度：已发 1009 次（成功 1000）· 用时 8s · 实测 119.54 req/s
[2026-09-26T06:17:12.011Z]   进度：已发 1032 次（成功 1022）· 用时 9s · 实测 119.54 req/s
[2026-09-26T06:17:12.151Z]   进度：已发 1048 次（成功 1040）· 用时 9s · 实测 119.46 req/s
[2026-09-26T06:17:12.333Z]   进度：已发 1070 次（成功 1059）· 用时 9s · 实测 119.49 req/s
[2026-09-26T06:17:12.505Z]   进度：已发 1091 次（成功 1080）· 用时 9s · 实测 119.54 req/s
[2026-09-26T06:17:12.669Z]   进度：已发 1110 次（成功 1100）· 用时 9s · 实测 119.47 req/s
[2026-09-26T06:17:12.820Z]   进度：已发 1129 次（成功 1120）· 用时 9s · 实测 119.57 req/s
[2026-09-26T06:17:12.979Z]   进度：已发 1148 次（成功 1139）· 用时 10s · 实测 119.57 req/s
[2026-09-26T06:17:13.147Z]   进度：已发 1168 次（成功 1158）· 用时 10s · 实测 119.56 req/s
[2026-09-26T06:17:13.321Z]   进度：已发 1189 次（成功 1179）· 用时 10s · 实测 119.58 req/s
[2026-09-26T06:17:13.503Z]   进度：已发 1211 次（成功 1202）· 用时 10s · 实测 119.60 req/s
[2026-09-26T06:17:13.650Z]   进度：已发 1228 次（成功 1220）· 用时 10s · 实测 119.55 req/s
[2026-09-26T06:17:13.857Z]   进度：已发 1253 次（成功 1241）· 用时 10s · 实测 119.57 req/s
[2026-09-26T06:17:13.999Z]   进度：已发 1270 次（成功 1260）· 用时 11s · 实测 119.57 req/s
[2026-09-26T06:17:14.152Z]   进度：已发 1288 次（成功 1277）· 用时 11s · 实测 119.55 req/s
[2026-09-26T06:17:14.409Z]   进度：已发 1319 次（成功 1310）· 用时 11s · 实测 119.57 req/s
[2026-09-26T06:17:14.497Z]   进度：已发 1330 次（成功 1319）· 用时 11s · 实测 119.62 req/s
[2026-09-26T06:17:14.653Z]   进度：已发 1349 次（成功 1340）· 用时 11s · 实测 119.65 req/s
[2026-09-26T06:17:14.834Z]   进度：已发 1370 次（成功 1360）· 用时 11s · 实测 119.59 req/s
[2026-09-26T06:17:14.992Z]   进度：已发 1389 次（成功 1381）· 用时 12s · 实测 119.60 req/s
[2026-09-26T06:17:15.165Z]   进度：已发 1410 次（成功 1402）· 用时 12s · 实测 119.62 req/s
[2026-09-26T06:17:15.330Z]   进度：已发 1430 次（成功 1421）· 用时 12s · 实测 119.65 req/s
[2026-09-26T06:17:15.530Z]   进度：已发 1454 次（成功 1443）· 用时 12s · 实测 119.65 req/s
[2026-09-26T06:17:15.653Z]   进度：已发 1469 次（成功 1460）· 用时 12s · 实测 119.67 req/s
[2026-09-26T06:17:15.816Z]   进度：已发 1488 次（成功 1480）· 用时 12s · 实测 119.63 req/s
[2026-09-26T06:17:15.983Z]   进度：已发 1508 次（成功 1501）· 用时 13s · 实测 119.64 req/s
[2026-09-26T06:17:16.162Z]   进度：已发 1530 次（成功 1520）· 用时 13s · 实测 119.68 req/s
[2026-09-26T06:17:16.331Z]   进度：已发 1550 次（成功 1541）· 用时 13s · 实测 119.66 req/s
[2026-09-26T06:17:16.493Z]   进度：已发 1569 次（成功 1560）· 用时 13s · 实测 119.63 req/s
[2026-09-26T06:17:16.649Z]   进度：已发 1588 次（成功 1580）· 用时 13s · 实测 119.66 req/s
[2026-09-26T06:17:16.816Z]   进度：已发 1608 次（成功 1600）· 用时 13s · 实测 119.66 req/s
[2026-09-26T06:17:17.002Z]   进度：已发 1631 次（成功 1622）· 用时 14s · 实测 119.72 req/s
[2026-09-26T06:17:17.155Z]   进度：已发 1649 次（成功 1638）· 用时 14s · 实测 119.69 req/s
[2026-09-26T06:17:17.332Z]   进度：已发 1670 次（成功 1661）· 用时 14s · 实测 119.68 req/s
[2026-09-26T06:17:18.170Z]   进度：已发 1697 次（成功 1684）· 用时 15s · 实测 114.72 req/s
[2026-09-26T06:17:18.266Z]   进度：已发 1709 次（成功 1697）· 用时 15s · 实测 114.79 req/s
[2026-09-26T06:17:18.435Z]   进度：已发 1729 次（成功 1718）· 用时 15s · 实测 114.83 req/s
[2026-09-26T06:17:18.602Z]   进度：已发 1749 次（成功 1740）· 用时 15s · 实测 114.88 req/s
[2026-09-26T06:17:18.812Z]   进度：已发 1774 次（成功 1763）· 用时 15s · 实测 114.94 req/s
[2026-09-26T06:17:18.932Z]   进度：已发 1789 次（成功 1780）· 用时 16s · 实测 115.02 req/s
[2026-09-26T06:17:19.103Z]   进度：已发 1809 次（成功 1800）· 用时 16s · 实测 115.04 req/s
[2026-09-26T06:17:19.270Z]   进度：已发 1829 次（成功 1821）· 用时 16s · 实测 115.09 req/s
[2026-09-26T06:17:19.476Z]   进度：已发 1854 次（成功 1840）· 用时 16s · 实测 115.17 req/s
[2026-09-26T06:17:19.613Z]   进度：已发 1870 次（成功 1861）· 用时 16s · 实测 115.18 req/s
[2026-09-26T06:17:19.783Z]   进度：已发 1891 次（成功 1880）· 用时 16s · 实测 115.27 req/s
[2026-09-26T06:17:19.940Z]   进度：已发 1909 次（成功 1899）· 用时 17s · 实测 115.26 req/s
[2026-09-26T06:17:20.109Z]   进度：已发 1930 次（成功 1920）· 用时 17s · 实测 115.35 req/s
[2026-09-26T06:17:20.262Z]   进度：已发 1948 次（成功 1940）· 用时 17s · 实测 115.38 req/s
[2026-09-26T06:17:20.438Z]   进度：已发 1969 次（成功 1960）· 用时 17s · 实测 115.42 req/s
[2026-09-26T06:17:20.596Z]   进度：已发 1988 次（成功 1980）· 用时 17s · 实测 115.46 req/s
[2026-09-26T06:17:20.785Z]   进度：已发 2011 次（成功 2001）· 用时 17s · 实测 115.53 req/s
[2026-09-26T06:17:20.933Z]   进度：已发 2029 次（成功 2021）· 用时 18s · 实测 115.58 req/s
[2026-09-26T06:17:21.106Z]   进度：已发 2049 次（成功 2041）· 用时 18s · 实测 115.58 req/s
[2026-09-26T06:17:21.276Z]   进度：已发 2070 次（成功 2061）· 用时 18s · 实测 115.66 req/s
[2026-09-26T06:17:21.432Z]   进度：已发 2088 次（成功 2079）· 用时 18s · 实测 115.65 req/s
[2026-09-26T06:17:21.605Z]   进度：已发 2109 次（成功 2101）· 用时 18s · 实测 115.71 req/s
[2026-09-26T06:17:21.763Z]   进度：已发 2128 次（成功 2119）· 用时 18s · 实测 115.75 req/s
[2026-09-26T06:17:21.924Z]   进度：已发 2148 次（成功 2140）· 用时 19s · 实测 115.82 req/s
[2026-09-26T06:17:22.128Z]   进度：已发 2172 次（成功 2162）· 用时 19s · 实测 115.84 req/s
[2026-09-26T06:17:22.274Z]   进度：已发 2190 次（成功 2181）· 用时 19s · 实测 115.90 req/s
[2026-09-26T06:17:22.434Z]   进度：已发 2209 次（成功 2199）· 用时 19s · 实测 115.92 req/s
[2026-09-26T06:17:22.630Z]   进度：已发 2232 次（成功 2222）· 用时 19s · 实测 115.94 req/s
[2026-09-26T06:17:22.771Z]   进度：已发 2249 次（成功 2240）· 用时 19s · 实测 115.97 req/s
[2026-09-26T06:17:22.934Z]   进度：已发 2269 次（成功 2260）· 用时 20s · 实测 116.03 req/s
[2026-09-26T06:17:23.100Z]   进度：已发 2289 次（成功 2280）· 用时 20s · 实测 116.06 req/s
[2026-09-26T06:17:23.278Z]   进度：已发 2310 次（成功 2300）· 用时 20s · 实测 116.08 req/s
[2026-09-26T06:17:23.429Z]   进度：已发 2328 次（成功 2320）· 用时 20s · 实测 116.10 req/s
[2026-09-26T06:17:23.596Z]   进度：已发 2348 次（成功 2340）· 用时 20s · 实测 116.13 req/s
[2026-09-26T06:17:23.758Z]   进度：已发 2368 次（成功 2360）· 用时 20s · 实测 116.19 req/s
[2026-09-26T06:17:23.934Z]   进度：已发 2389 次（成功 2380）· 用时 21s · 实测 116.22 req/s
[2026-09-26T06:17:24.105Z]   进度：已发 2409 次（成功 2400）· 用时 21s · 实测 116.23 req/s
[2026-09-26T06:17:24.261Z]   进度：已发 2428 次（成功 2420）· 用时 21s · 实测 116.27 req/s
[2026-09-26T06:17:24.434Z]   进度：已发 2449 次（成功 2440）· 用时 21s · 实测 116.31 req/s
[2026-09-26T06:17:24.599Z]   进度：已发 2469 次（成功 2460）· 用时 21s · 实测 116.35 req/s
[2026-09-26T06:17:24.758Z]   进度：已发 2488 次（成功 2479）· 用时 21s · 实测 116.37 req/s
[2026-09-26T06:17:24.936Z]   进度：已发 2509 次（成功 2500）· 用时 22s · 实测 116.38 req/s
[2026-09-26T06:17:25.104Z]   进度：已发 2529 次（成功 2521）· 用时 22s · 实测 116.40 req/s
[2026-09-26T06:17:25.290Z]   进度：已发 2552 次（成功 2542）· 用时 22s · 实测 116.47 req/s
[2026-09-26T06:17:25.485Z]   进度：已发 2575 次（成功 2560）· 用时 22s · 实测 116.48 req/s
[2026-09-26T06:17:25.602Z]   进度：已发 2589 次（成功 2579）· 用时 22s · 实测 116.50 req/s
[2026-09-26T06:17:25.770Z]   进度：已发 2609 次（成功 2600）· 用时 22s · 实测 116.52 req/s
[2026-09-26T06:17:25.929Z]   进度：已发 2628 次（成功 2620）· 用时 23s · 实测 116.54 req/s
[2026-09-26T06:17:26.110Z]   进度：已发 2650 次（成功 2641）· 用时 23s · 实测 116.58 req/s
[2026-09-26T06:17:26.338Z]   进度：已发 2677 次（成功 2666）· 用时 23s · 实测 116.59 req/s
[2026-09-26T06:17:26.427Z]   进度：已发 2688 次（成功 2679）· 用时 23s · 实测 116.62 req/s
[2026-09-26T06:17:26.611Z]   进度：已发 2710 次（成功 2700）· 用时 23s · 实测 116.64 req/s
[2026-09-26T06:17:26.769Z]   进度：已发 2729 次（成功 2720）· 用时 23s · 实测 116.67 req/s
[2026-09-26T06:17:26.938Z]   进度：已发 2749 次（成功 2740）· 用时 24s · 实测 116.68 req/s
[2026-09-26T06:17:27.094Z]   进度：已发 2768 次（成功 2759）· 用时 24s · 实测 116.71 req/s
[2026-09-26T06:17:27.264Z]   进度：已发 2788 次（成功 2780）· 用时 24s · 实测 116.72 req/s
[2026-09-26T06:17:27.431Z]   进度：已发 2808 次（成功 2800）· 用时 24s · 实测 116.74 req/s
[2026-09-26T06:17:27.602Z]   进度：已发 2829 次（成功 2820）· 用时 24s · 实测 116.79 req/s
[2026-09-26T06:17:27.763Z]   进度：已发 2848 次（成功 2839）· 用时 24s · 实测 116.79 req/s
[2026-09-26T06:17:27.936Z]   进度：已发 2869 次（成功 2859）· 用时 25s · 实测 116.83 req/s
[2026-09-26T06:17:28.100Z]   进度：已发 2889 次（成功 2880）· 用时 25s · 实测 116.86 req/s
[2026-09-26T06:17:28.271Z]   进度：已发 2909 次（成功 2901）· 用时 25s · 实测 116.86 req/s
[2026-09-26T06:17:28.444Z]   进度：已发 2930 次（成功 2919）· 用时 25s · 实测 116.89 req/s
[2026-09-26T06:17:28.599Z]   进度：已发 2949 次（成功 2940）· 用时 25s · 实测 116.93 req/s
[2026-09-26T06:17:28.774Z]   进度：已发 2970 次（成功 2960）· 用时 25s · 实测 116.95 req/s
[2026-09-26T06:17:28.949Z]   进度：已发 2991 次（成功 2980）· 用时 26s · 实测 116.97 req/s
[2026-09-26T06:17:29.093Z]   进度：已发 3008 次（成功 2999）· 用时 26s · 实测 116.97 req/s
[2026-09-26T06:17:29.278Z]   进度：已发 3030 次（成功 3021）· 用时 26s · 实测 116.99 req/s
[2026-09-26T06:17:29.429Z]   进度：已发 3048 次（成功 3040）· 用时 26s · 实测 117.00 req/s
[2026-09-26T06:17:29.687Z]   进度：已发 3079 次（成功 3068）· 用时 26s · 实测 117.03 req/s
[2026-09-26T06:17:29.768Z]   进度：已发 3089 次（成功 3077）· 用时 26s · 实测 117.05 req/s
[2026-09-26T06:17:29.991Z]   进度：已发 3116 次（成功 3104）· 用时 27s · 实测 117.09 req/s
[2026-09-26T06:17:30.094Z]   进度：已发 3128 次（成功 3119）· 用时 27s · 实测 117.08 req/s
[2026-09-26T06:17:30.280Z]   进度：已发 3150 次（成功 3140）· 用时 27s · 实测 117.09 req/s
[2026-09-26T06:17:30.431Z]   进度：已发 3168 次（成功 3160）· 用时 27s · 实测 117.10 req/s
[2026-09-26T06:17:30.607Z]   进度：已发 3189 次（成功 3180）· 用时 27s · 实测 117.12 req/s
[2026-09-26T06:17:30.768Z]   进度：已发 3209 次（成功 3201）· 用时 27s · 实测 117.16 req/s
[2026-09-26T06:17:30.932Z]   进度：已发 3229 次（成功 3220）· 用时 28s · 实测 117.19 req/s
[2026-09-26T06:17:31.100Z]   进度：已发 3249 次（成功 3239）· 用时 28s · 实测 117.20 req/s
[2026-09-26T06:17:31.273Z]   进度：已发 3270 次（成功 3261）· 用时 28s · 实测 117.23 req/s
[2026-09-26T06:17:31.438Z]   进度：已发 3289 次（成功 3281）· 用时 28s · 实测 117.21 req/s
[2026-09-26T06:17:31.609Z]   进度：已发 3310 次（成功 3300）· 用时 28s · 实测 117.25 req/s
[2026-09-26T06:17:31.765Z]   进度：已发 3329 次（成功 3320）· 用时 28s · 实测 117.27 req/s
[2026-09-26T06:17:31.942Z]   进度：已发 3350 次（成功 3341）· 用时 29s · 实测 117.28 req/s
[2026-09-26T06:17:32.088Z]   进度：已发 3367 次（成功 3358）· 用时 29s · 实测 117.28 req/s
[2026-09-26T06:17:32.266Z]   进度：已发 3389 次（成功 3381）· 用时 29s · 实测 117.32 req/s
[2026-09-26T06:17:32.460Z]   进度：已发 3412 次（成功 3402）· 用时 29s · 实测 117.32 req/s
[2026-09-26T06:17:32.610Z]   进度：已发 3430 次（成功 3422）· 用时 29s · 实测 117.34 req/s
[2026-09-26T06:17:32.785Z]   进度：已发 3451 次（成功 3441）· 用时 29s · 实测 117.35 req/s
[2026-09-26T06:17:32.938Z]   进度：已发 3469 次（成功 3460）· 用时 30s · 实测 117.35 req/s
[2026-09-26T06:17:33.094Z]   进度：已发 3488 次（成功 3476）· 用时 30s · 实测 117.38 req/s
[2026-09-26T06:17:33.270Z]   进度：已发 3509 次（成功 3500）· 用时 30s · 实测 117.39 req/s
[2026-09-26T06:17:33.429Z]   进度：已发 3522 次（成功 3520）· 用时 30s · 实测 117.20 req/s
[2026-09-26T06:17:33.461Z] === 结束：全程无 412 · 总发出 3522 次（成功 3522）· 用时 30.1s · 实测速率 117.08 req/s
[2026-09-26T06:17:33.462Z]   各账号请求分布：110934547=705 3546824587610162=705 1280871616=704 3690974649781084=704 3546648242293494=704
